// Jest Snapshot v1, https://goo.gl/fbAQLP

exports[`App component Matches the snapshot 1`] = `
<form>
  <label>
    name
    <input
      name="name"
      onChange={[Function]}
      type="text"
      value=""
    />
  </label>
</form>
`;
